Welcome to AuctionBay!
--
Here is a list of operations (what to input):
- Login (login)
- Create (create)
- Delete (delete)
- Advertise (advertise)
- Bid (bid)
- Refund (refund)
- Add Credit (addcredit)
- List All Items (listall)
- Logout (logout)

Enter operation:
Enter username:
Hello User04 (SS)!

Enter operation:
Error: Only AA, FS, or BS have privileges for this operation.

Enter operation:
User04 successfully logged out.
