Welcome to AuctionBay!
--
Here is a list of operations (what to input):
- Login (login)
- Create (create)
- Delete (delete)
- Advertise (advertise)
- Bid (bid)
- Refund (refund)
- Add Credit (addcredit)
- List All Items (listall)
- Logout (logout)

Enter operation:
Enter username:
Hello admin01 (AA)!

Enter operation:
Enter item name:
Enter seller's username:
Current Highest Bid: $100.00
Enter bid amount:
Bid of $200.00 placed on item01.

Enter operation:
admin01 successfully logged out.
