Welcome to AuctionBay!
--
Here is a list of operations (what to input):
- Login (login)
- Create (create)
- Delete (delete)
- Advertise (advertise)
- Bid (bid)
- Refund (refund)
- Add Credit (addcredit)
- List All Items (listall)
- Logout (logout)

Enter operation:
Enter username:
Hello User01 (AA)!

Enter operation:
Enter buyer's username:
Enter seller's username:
Enter refund amount:
Error - amount must be a number.

Enter operation:
User01 successfully logged out.
