Welcome to AuctionBay!
--
Here is a list of operations (what to input):
- Login (login)
- Create (create)
- Delete (delete)
- Advertise (advertise)
- Bid (bid)
- Refund (refund)
- Add Credit (addcredit)
- List All Items (listall)
- Logout (logout)

Enter operation:
Enter username:
Hello bsuser01 (BS)!

Enter operation:
Current credit balance for bsuser01: $10.00
Enter the credit amount to add:
New credit balance for bsuser01: $20.00

Enter operation:
admin01 successfully logged out.