Welcome to AuctionBay!
--
Here is a list of operations (what to input):
- Login (login)
- Create (create)
- Delete (delete)
- Advertise (advertise)
- Bid (bid)
- Refund (refund)
- Add Credit (addcredit)
- List All Items (listall)
- Logout (logout)

Enter operation:
Enter username:
Hello User01 (AA)!

Enter operation:
Enter the username to add credit to:
Error: The user does not exist in the user-accounts file.

Enter operation:
User01 successfully logged out.
